# serializer version: 1
# name: TestWelcomeScreen.test_welcome_journey
  '''
  --- SNAPSHOT: cwd_banner ---
  <> KAGAN
  ╭────────────────────────────────╮
  ││
  │<> ██╗ ██╗ █████╗ ██████╗ █████╗ ███╗ ██╗ <>│
  │<> ██║ ██╔╝██╔══██╗██╔════╝ ██╔══██╗████╗ ██║ <>│
  │<> █████╔╝ ███████║██║ ███╗███████║██╔██╗ ██║ <>│
  │<> ██╔═██╗ ██╔══██║██║ ██║██╔══██║██║╚██╗██║ <>│
  │<> ██║ ██╗██║ ██║╚██████╔╝██║ ██║██║ ╚████║ <>│
  │<> ╚═╝ ╚═╝╚═╝ ╚═╝ ╚═════╝ ╚═╝ ╚═╝╚═╝ ╚═══╝ <>│
  ││
  │Your Development Cockpit│
  ││
  │┌────────────────────────────────┐│
  ││││
  ││Current directory is a git repository││
  ││/Users/dev/my-project││
  ││││
  ││▔▔▔▔▔▔▔▔▔▔▔▔▔▔▔▔▔▔▔▔▔▔▔▔▔▔▔▔▔▔▔▔││
  ││ Create Project Dismiss ││
  ││▁▁▁▁▁▁▁▁▁▁▁▁▁▁▁▁▁▁▁▁▁▁▁▁▁▁▁▁▁▁▁▁││
  ││││
  │└────────────────────────────────┘│
  ││
  │RECENT PROJECTS│
  ││
  │[1]Snapshot Test Project— 📁— o No tasks23h ↵│
  ││
  │▇▇│
  ││
  ││
  ││
  ││
  │▊▔▔▔▔▔▔▔▔▔▔▔▔▔▔▔▔▔▔▔▔▔▔▔▔▔▔▔▔▔▔▔▔▎Enable auto review│
  │▊▎│
  ││
  ╰────────────────────────────────╯
  . Actions ? Help
  
  --- SNAPSHOT: cwd_banner_no_git ---
  <> KAGAN
  ╭────────────────────────────────╮
  ││
  │<> ██╗ ██╗ █████╗ ██████╗ █████╗ ███╗ ██╗ <>│
  │<> ██║ ██╔╝██╔══██╗██╔════╝ ██╔══██╗████╗ ██║ <>│
  │<> █████╔╝ ███████║██║ ███╗███████║██╔██╗ ██║ <>│
  │<> ██╔═██╗ ██╔══██║██║ ██║██╔══██║██║╚██╗██║ <>│
  │<> ██║ ██╗██║ ██║╚██████╔╝██║ ██║██║ ╚████║ <>│
  │<> ╚═╝ ╚═╝╚═╝ ╚═╝ ╚═════╝ ╚═╝ ╚═╝╚═╝ ╚═══╝ <>│
  ││
  │Your Development Cockpit│
  ││
  │┌────────────────────────────────┐│
  ││││
  ││Current directory is a folder (will initialize git repo)││
  ││/Users/dev/my-folder││
  ││││
  ││▔▔▔▔▔▔▔▔▔▔▔▔▔▔▔▔▔▔▔▔▔▔▔▔▔▔▔▔▔▔▔▔││
  ││ Create Project Dismiss ││
  ││▁▁▁▁▁▁▁▁▁▁▁▁▁▁▁▁▁▁▁▁▁▁▁▁▁▁▁▁▁▁▁▁││
  ││││
  │└────────────────────────────────┘│
  ││
  │RECENT PROJECTS│
  ││
  │[1]Snapshot Test Project— 📁— o No tasks23h ↵│
  ││
  │▇▇│
  ││
  ││
  ││
  ││
  │▊▔▔▔▔▔▔▔▔▔▔▔▔▔▔▔▔▔▔▔▔▔▔▔▔▔▔▔▔▔▔▔▔▎Enable auto review│
  │▊▎│
  ││
  ╰────────────────────────────────╯
  . Actions ? Help
  
  --- SNAPSHOT: default ---
  <> KAGAN
  ╭────────────────────────────────╮
  ││
  │<> ██╗ ██╗ █████╗ ██████╗ █████╗ ███╗ ██╗ <>│
  │<> ██║ ██╔╝██╔══██╗██╔════╝ ██╔══██╗████╗ ██║ <>│
  │<> █████╔╝ ███████║██║ ███╗███████║██╔██╗ ██║ <>│
  │<> ██╔═██╗ ██╔══██║██║ ██║██╔══██║██║╚██╗██║ <>│
  │<> ██║ ██╗██║ ██║╚██████╔╝██║ ██║██║ ╚████║ <>│
  │<> ╚═╝ ╚═╝╚═╝ ╚═╝ ╚═════╝ ╚═╝ ╚═╝╚═╝ ╚═══╝ <>│
  ││
  │Your Development Cockpit│
  ││
  │RECENT PROJECTS│
  ││
  │[1]Snapshot Test Project— 📁— o No tasks23h ↵│
  ││
  ││
  ││
  ││
  ││
  ││
  │▊▔▔▔▔▔▔▔▔▔▔▔▔▔▔▔▔▔▔▔▔▔▔▔▔▔▔▔▔▔▔▔▔▎Enable auto review│
  │▊▎│
  │▊▁▁▁▁▁▁▁▁▁▁▁▁▁▁▁▁▁▁▁▁▁▁▁▁▁▁▁▁▁▁▁▁▎│
  ││
  │▔▔▔▔▔▔▔▔▔▔▔▔▔▔▔▔▔▔▔▔▔▔▔▔▔▔▔▔▔▔▔▔│
  │ New Project Open Folder Settings │
  │▁▁▁▁▁▁▁▁▁▁▁▁▁▁▁▁▁▁▁▁▁▁▁▁▁▁▁▁▁▁▁▁│
  ││
  │Control Kagan from your editor via Admin MCP —│
  │docs.kagan.sh/guides/editor-mcp-setup/│
  ││
  ││
  ╰────────────────────────────────╯
  . Actions ? Help
  '''
# ---
