# serializer version: 1
# name: TestOnboardingFlow.test_onboarding_initial_screen
  '''
  OnboardingTestApp
  ╭────────────────────────────────╮
  ││
  ││
  │<> ██╗ ██╗ █████╗ ██████╗ █████╗ ███╗ ██╗ <>│
  │<> ██║ ██╔╝██╔══██╗██╔════╝ ██╔══██╗████╗ ██║ <>│
  │<> █████╔╝ ███████║██║ ███╗███████║██╔██╗ ██║ <>│
  │<> ██╔═██╗ ██╔══██║██║ ██║██╔══██║██║╚██╗██║ <>│
  │<> ██║ ██╗██║ ██║╚██████╔╝██║ ██║██║ ╚████║ <>│
  │<> ╚═╝ ╚═╝╚═╝ ╚═╝ ╚═════╝ ╚═╝ ╚═╝╚═╝ ╚═══╝ <>│
  │First-Time Setup│
  ││
  │────────────────────────────────│
  ││
  ││
  │AI Assistant│
  │▊▔▔▔▔▔▔▔▔▔▔▔▔▔▔▔▔▔▔▔▔▔▔▔▔▔▔▔▔▔▔▔▔▎│
  │▊Claude Code▼▎│
  │▊▁▁▁▁▁▁▁▁▁▁▁▁▁▁▁▁▁▁▁▁▁▁▁▁▁▁▁▁▁▁▁▁▎│
  ││
  │╭────────────────────────────────╮│
  ││││
  ││Enable auto review▊▔▔▔▔▔▔▔▔▔▔▔▔▔▔▔▔▔▔▔▔▔▔▔▔▔▔▔▔▔▔▔▔▎││
  ││Automatically run AI review when tasks complet▊▎││
  ││▊▁▁▁▁▁▁▁▁▁▁▁▁▁▁▁▁▁▁▁▁▁▁▁▁▁▁▁▁▁▁▁▁▎││
  ││││
  │╰────────────────────────────────╯│
  ││
  ││
  │▔▔▔▔▔▔▔▔▔▔▔▔▔▔▔▔▔▔▔▔▔▔▔▔▔▔▔▔▔▔▔▔│
  │ Continue to Kagan │
  │▁▁▁▁▁▁▁▁▁▁▁▁▁▁▁▁▁▁▁▁▁▁▁▁▁▁▁▁▁▁▁▁│
  ││
  ││
  ╰────────────────────────────────╯
  '''
# ---
