# serializer version: 1
# name: TestSettingsModal.test_settings_modal_default
  '''
  <> KAGAN
  ╭────────────────────────────────╮
  ││
  ││
  │Settings│
  ││
  ││
  │────────────────────────────────│
  ││
  ││
  │Auto Review│
  │▂▂│
  │▊▔▔▔▔▔▔▔▔▔▔▔▔▔▔▔▔▔▔▔▔▔▔▔▔▔▔▔▔▔▔▔▔▎Enable auto review│
  │▊▎│
  │▊▁▁▁▁▁▁▁▁▁▁▁▁▁▁▁▁▁▁▁▁▁▁▁▁▁▁▁▁▁▁▁▁▎│
  ││
  │────────────────────────────────│
  ││
  ││
  │Planner Permissions│
  ││
  │▊▔▔▔▔▔▔▔▔▔▔▔▔▔▔▔▔▔▔▔▔▔▔▔▔▔▔▔▔▔▔▔▔▎Auto-approve planner tool calls (workers always│
  │▊▎│
  │▊▁▁▁▁▁▁▁▁▁▁▁▁▁▁▁▁▁▁▁▁▁▁▁▁▁▁▁▁▁▁▁▁▎│
  ││
  │────────────────────────────────│
  ││
  ││
  │Merge Policy│
  ││
  │▊▔▔▔▔▔▔▔▔▔▔▔▔▔▔▔▔▔▔▔▔▔▔▔▔▔▔▔▔▔▔▔▔▎Require review approval before merge│
  │▊▎│
  │▊▁▁▁▁▁▁▁▁▁▁▁▁▁▁▁▁▁▁▁▁▁▁▁▁▁▁▁▁▁▁▁▁▎│
  ││
  ││
  ╰────────────────────────────────╯
  esc Cancel F2 Save
  '''
# ---
