# serializer version: 1
# name: TestKanbanFlow.test_kanban_journey
  '''
  --- SNAPSHOT: board ---
  <> KAGAN
  <>Snapshot Test Project / snapshot_projecto GitHub Not connected│⎇ main│AI: Claude│📋 5 tasks│? help
  │││
  ☐ BACKLOG (2)│▶ IN PROGRESS (1)│◎ REVIEW (1)│✓ DONE (1)
  │││
  ────────────────────────────────│────────────────────────────────│────────────────────────────────│────────────────────────────────
  Backlog task 1#back│In progress task#inpr│Review task#revi│✓ Done task#done
  First task in backlog│Currently working on this│Ready for code review│Completed work
  ClaudePAIRLOW│ClaudePAIRHIGH│ClaudeAUTOMED│ClaudePAIRLOW
  ────────────────────────────────│────────────────────────────────│────────────────────────────────│────────────────────────────────
  Backlog task 2#back│││
  Second task in backlog│││
  ClaudeAUTOHIGH│││
  ────────────────────────────────│││
  │││
  │││
  │││
  │││
  │││
  │││
  │││
  │││
  │││
  │││
  │││
  │││
  │││
  │││
  │││
  │││
  │││
  │││
  │││
  │││
  │││
  │││
  │││
  ◀Shift+H move lefth j k l navigatemove right Shift+L▶
  Enter start · a agent · e edit · v details · space peekShift+A agent ? help .
  
  --- SNAPSHOT: search ---
  ╭────────────────────────────────╮
  <> KAGAN
  │backlog│
  ╰────────────────────────────────╯
  │││
  ☐ BACKLOG (2)│▶ IN PROGRESS (0)│◎ REVIEW (0)│✓ DONE (0)
  │││
  ────────────────────────────────│────────────────────────────────│────────────────────────────────│────────────────────────────────
  Backlog task 1#back│││
  First task in backlog│││
  ClaudePAIRLOW│││
  ────────────────────────────────│││
  Backlog task 2#back│││
  Second task in backlog│││
  ClaudeAUTOHIGH│││
  ────────────────────────────────│││
  │││
  │││
  │││
  │││
  │││
  │││
  │││
  │No tasks│No tasks│No tasks
  │││
  │││
  │││
  │││
  │││
  │││
  │││
  │││
  │││
  │││
  │││
  │││
  │││
  │││
  │││
  h j k l navigate
  n new · Shift+N new auto · / search · p planShift+A agent ? help . actions
  '''
# ---
