# serializer version: 1
# name: TestRepoPickerScreen.test_repo_picker_with_multiple_repos
  '''
  <> KAGAN
  ┌────────────────────────────────┐
  ││
  │<> ██╗ ██╗ █████╗ ██████╗ █████╗ ███╗ ██╗ <>│
  │<> ██║ ██╔╝██╔══██╗██╔════╝ ██╔══██╗████╗ ██║ <>│
  │<> █████╔╝ ███████║██║ ███╗███████║██╔██╗ ██║ <>│
  │<> ██╔═██╗ ██╔══██║██║ ██║██╔══██║██║╚██╗██║ <>│
  │<> ██║ ██╗██║ ██║╚██████╔╝██║ ██║██║ ╚████║ <>│
  │<> ╚═╝ ╚═╝╚═╝ ╚═╝ ╚═════╝ ╚═╝ ╚═╝╚═╝ ╚═══╝ <>│
  │Select Repository│
  ││
  │PROJECT: Snapshot Test Project│
  ││
  │┌────────────────────────────────┐│
  ││*snapshot_project— //.../snapshot_project0 tasks││
  ││osnapshot_repo_two— //.../snapshot_repo_two0 tasks││
  ││││
  ││││
  ││││
  ││││
  │└────────────────────────────────┘│
  ││
  │▔▔▔▔▔▔▔▔▔▔▔▔▔▔▔▔▔▔▔▔▔▔▔▔▔▔▔▔▔▔▔▔│
  │ Add Repo Close │
  │▁▁▁▁▁▁▁▁▁▁▁▁▁▁▁▁▁▁▁▁▁▁▁▁▁▁▁▁▁▁▁▁│
  ││
  ││
  └────────────────────────────────┘
  '''
# ---
