# serializer version: 1
# name: TestTaskEditorScreen.test_task_editor_with_sample_tasks
  '''
  <> KAGAN
  ╭────────────────────────────────╮
  ││
  │Task 1Task 2│
  │━╸━━━━━━╺━━━━━━━━━━━━━━━━━━━━━━━━━━━━━━━━│
  ││
  ││
  │┌────────────────────────────────┐│
  ││Add user authentication││
  │└────────────────────────────────┘│
  ││
  │┌────────────────────────────────┐│
  ││Implement JWT-based auth for the API. ││
  ││││
  │└────────────────────────────────┘│
  ││
  │▊▔▔▔▔▔▔▔▔▔▔▔▔▔▔▔▔▔▔▔▔▔▔▔▔▔▔▔▔▔▔▔▔▎│
  │▊High▼▎│
  │▊▁▁▁▁▁▁▁▁▁▁▁▁▁▁▁▁▁▁▁▁▁▁▁▁▁▁▁▁▁▁▁▁▎│
  │▄▄│
  │▊▔▔▔▔▔▔▔▔▔▔▔▔▔▔▔▔▔▔▔▔▔▔▔▔▔▔▔▔▔▔▔▔▎│
  │▊AUTO - AI completes autonomously▼▎│
  │▊▁▁▁▁▁▁▁▁▁▁▁▁▁▁▁▁▁▁▁▁▁▁▁▁▁▁▁▁▁▁▁▁▎│
  ││
  │PAIR Terminal Backend:│
  │▊▔▔▔▔▔▔▔▔▔▔▔▔▔▔▔▔▔▔▔▔▔▔▔▔▔▔▔▔▔▔▔▔▎│
  │▊tmux▼▎│
  ││
  ││
  ││
  │▔▔▔▔▔▔▔▔▔▔▔▔▔▔▔▔▔▔▔▔▔▔▔▔▔▔▔▔▔▔▔▔│
  │ Finish Editing │
  │▁▁▁▁▁▁▁▁▁▁▁▁▁▁▁▁▁▁▁▁▁▁▁▁▁▁▁▁▁▁▁▁│
  ││
  ╰────────────────────────────────╯
  '''
# ---
