# serializer version: 1
# name: TestSettingsModal.test_settings_modal_default
  '''
  <> KAGAN
  ╭────────────────────────────────╮
  ││
  │Settings│
  │────────────────────────────────│
  ││
  │Auto Review│
  │▊▔▔▔▔▔▔▔▔▔▔▔▔▔▔▔▔▔▔▔▔▔▔▔▔▔▔▔▔▔▔▔▔▎Enable auto review│
  │▊▎│
  │▊▁▁▁▁▁▁▁▁▁▁▁▁▁▁▁▁▁▁▁▁▁▁▁▁▁▁▁▁▁▁▁▁▎│
  │────────────────────────────────│
  ││
  │Planner Permissions│
  │▊▔▔▔▔▔▔▔▔▔▔▔▔▔▔▔▔▔▔▔▔▔▔▔▔▔▔▔▔▔▔▔▔▎Auto-approve planner tool calls│
  │▊▎│
  │▊▁▁▁▁▁▁▁▁▁▁▁▁▁▁▁▁▁▁▁▁▁▁▁▁▁▁▁▁▁▁▁▁▎▆▆│
  │────────────────────────────────│
  ││
  │Merge Policy│
  │▊▔▔▔▔▔▔▔▔▔▔▔▔▔▔▔▔▔▔▔▔▔▔▔▔▔▔▔▔▔▔▔▔▎Require approval before merge│
  │▊▎│
  │▊▁▁▁▁▁▁▁▁▁▁▁▁▁▁▁▁▁▁▁▁▁▁▁▁▁▁▁▁▁▁▁▁▎│
  │▊▔▔▔▔▔▔▔▔▔▔▔▔▔▔▔▔▔▔▔▔▔▔▔▔▔▔▔▔▔▔▔▔▎Serialize manual merges│
  │▊▎│
  │▊▁▁▁▁▁▁▁▁▁▁▁▁▁▁▁▁▁▁▁▁▁▁▁▁▁▁▁▁▁▁▁▁▎│
  │────────────────────────────────│
  ││
  │General│
  │Max concurrent agents│
  │┌────────────────────────────────┐│
  ││3││
  │└────────────────────────────────┘│
  │Default agent│
  │▊▔▔▔▔▔▔▔▔▔▔▔▔▔▔▔▔▔▔▔▔▔▔▔▔▔▔▔▔▔▔▔▔▎│
  ││
  ╰────────────────────────────────╯
  esc Cancel F2 Save
  '''
# ---
